../Core/Src/main.c:111:5:main	24	static
../Core/Src/main.c:225:6:SystemClock_Config	80	static
../Core/Src/main.c:269:13:MX_I2C1_Init	8	static
../Core/Src/main.c:300:13:MX_SPI1_Init	8	static
../Core/Src/main.c:338:13:MX_TIM3_Init	32	static
../Core/Src/main.c:392:13:MX_USART2_UART_Init	8	static
../Core/Src/main.c:422:13:MX_GPIO_Init	48	static
../Core/Src/main.c:475:6:motor	16	static
../Core/Src/main.c:486:6:buzzer	16	static
../Core/Src/main.c:497:6:Direction	16	static
../Core/Src/main.c:551:5:__io_putchar	24	static
../Core/Src/main.c:564:6:HAL_GPIO_EXTI_Callback	16	static
../Core/Src/main.c:583:16:platform_write	40	static
../Core/Src/main.c:599:16:platform_read	40	static
../Core/Src/main.c:613:13:lis2mdl_initialize	8	static
../Core/Src/main.c:654:13:iks01a3_i2c_stuck_quirk	40	static
../Core/Src/main.c:688:6:Error_Handler	4	static
